
<td><div>This is value 1 &lt;script&gt;alert(&#039;xss&#039;);&lt;/script&gt;</div></td>

<h1>This is column cell theme</h1>